-- Install configuration: ""
-- Execute custom install script
-- Up-to-date symlink: /home/pread/Project/env_robot/install/so101_description/share/so101_description/urdf/so101.urdf
-- Up-to-date symlink: /home/pread/Project/env_robot/install/so101_description/share/so101_description/urdf/so101.urdf.xacro
-- Up-to-date symlink: /home/pread/Project/env_robot/install/so101_description/share/so101_description/urdf/so101/payloads/Physics/mujoco.usda
-- Up-to-date symlink: /home/pread/Project/env_robot/install/so101_description/share/so101_description/urdf/so101/payloads/Physics/physics.usda
-- Up-to-date symlink: /home/pread/Project/env_robot/install/so101_description/share/so101_description/urdf/so101/payloads/Physics/physx.usda
-- Up-to-date symlink: /home/pread/Project/env_robot/install/so101_description/share/so101_description/urdf/so101/payloads/base.usda
-- Up-to-date symlink: /home/pread/Project/env_robot/install/so101_description/share/so101_description/urdf/so101/payloads/geometries.usd
-- Up-to-date symlink: /home/pread/Project/env_robot/install/so101_description/share/so101_description/urdf/so101/payloads/instances.usda
-- Up-to-date symlink: /home/pread/Project/env_robot/install/so101_description/share/so101_description/urdf/so101/payloads/materials.usda
-- Up-to-date symlink: /home/pread/Project/env_robot/install/so101_description/share/so101_description/urdf/so101/payloads/robot.usda
-- Up-to-date symlink: /home/pread/Project/env_robot/install/so101_description/share/so101_description/urdf/so101/so101.usda
-- Up-to-date symlink: /home/pread/Project/env_robot/install/so101_description/share/so101_description/meshes/Moving_Jaw_SO101_v1.stl
-- Up-to-date symlink: /home/pread/Project/env_robot/install/so101_description/share/so101_description/meshes/base_link.stl
-- Up-to-date symlink: /home/pread/Project/env_robot/install/so101_description/share/so101_description/meshes/base_link_collision.stl
-- Up-to-date symlink: /home/pread/Project/env_robot/install/so101_description/share/so101_description/meshes/link_2.stl
-- Up-to-date symlink: /home/pread/Project/env_robot/install/so101_description/share/so101_description/meshes/link_2_collision.stl
-- Up-to-date symlink: /home/pread/Project/env_robot/install/so101_description/share/so101_description/meshes/link_3.stl
-- Up-to-date symlink: /home/pread/Project/env_robot/install/so101_description/share/so101_description/meshes/link_3_collision.stl
-- Up-to-date symlink: /home/pread/Project/env_robot/install/so101_description/share/so101_description/meshes/link_4.stl
-- Up-to-date symlink: /home/pread/Project/env_robot/install/so101_description/share/so101_description/meshes/link_4_collision.stl
-- Up-to-date symlink: /home/pread/Project/env_robot/install/so101_description/share/so101_description/meshes/link_5.stl
-- Up-to-date symlink: /home/pread/Project/env_robot/install/so101_description/share/so101_description/meshes/link_5_collision.stl
-- Up-to-date symlink: /home/pread/Project/env_robot/install/so101_description/share/so101_description/meshes/wrist_roll_follower_so101_v1.stl
-- Up-to-date symlink: /home/pread/Project/env_robot/install/so101_description/share/so101_description/launch/view_robot.launch.py
-- Up-to-date symlink: /home/pread/Project/env_robot/install/so101_description/share/so101_description/rviz/view_robot.rviz
-- Up-to-date symlink: /home/pread/Project/env_robot/install/so101_description/share/ament_index/resource_index/package_run_dependencies/so101_description
-- Up-to-date symlink: /home/pread/Project/env_robot/install/so101_description/share/ament_index/resource_index/parent_prefix_path/so101_description
-- Up-to-date symlink: /home/pread/Project/env_robot/install/so101_description/share/so101_description/environment/ament_prefix_path.sh
-- Up-to-date symlink: /home/pread/Project/env_robot/install/so101_description/share/so101_description/environment/ament_prefix_path.dsv
-- Up-to-date symlink: /home/pread/Project/env_robot/install/so101_description/share/so101_description/environment/path.sh
-- Up-to-date symlink: /home/pread/Project/env_robot/install/so101_description/share/so101_description/environment/path.dsv
-- Up-to-date symlink: /home/pread/Project/env_robot/install/so101_description/share/so101_description/local_setup.bash
-- Up-to-date symlink: /home/pread/Project/env_robot/install/so101_description/share/so101_description/local_setup.sh
-- Up-to-date symlink: /home/pread/Project/env_robot/install/so101_description/share/so101_description/local_setup.zsh
-- Up-to-date symlink: /home/pread/Project/env_robot/install/so101_description/share/so101_description/local_setup.dsv
-- Symlinking: /home/pread/Project/env_robot/install/so101_description/share/so101_description/package.dsv
-- Up-to-date symlink: /home/pread/Project/env_robot/install/so101_description/share/ament_index/resource_index/packages/so101_description
-- Up-to-date symlink: /home/pread/Project/env_robot/install/so101_description/share/so101_description/cmake/so101_descriptionConfig.cmake
-- Up-to-date symlink: /home/pread/Project/env_robot/install/so101_description/share/so101_description/cmake/so101_descriptionConfig-version.cmake
-- Up-to-date symlink: /home/pread/Project/env_robot/install/so101_description/share/so101_description/package.xml
