[0.051s] DEBUG:colcon:Command line arguments: ['/usr/bin/colcon', 'build', '--symlink-install']
[0.051s] DEBUG:colcon:Parsed command line arguments: Namespace(log_base=None, log_level=None, verb_name='build', build_base='build', install_base='install', merge_install=False, symlink_install=True, test_result_base=None, continue_on_error=False, executor='parallel', parallel_workers=20, event_handlers=None, ignore_user_meta=False, metas=['./colcon.meta'], base_paths=['.'], packages_ignore=None, packages_ignore_regex=None, paths=None, packages_up_to=None, packages_up_to_regex=None, packages_above=None, packages_above_and_dependencies=None, packages_above_depth=None, packages_select_by_dep=None, packages_skip_by_dep=None, packages_skip_up_to=None, packages_select_build_failed=False, packages_skip_build_finished=False, packages_select_test_failures=False, packages_skip_test_passed=False, packages_select=None, packages_skip=None, packages_select_regex=None, packages_skip_regex=None, packages_start=None, packages_end=None, allow_overriding=[], cmake_args=None, cmake_target=None, cmake_target_skip_unavailable=False, cmake_clean_cache=False, cmake_clean_first=False, cmake_force_configure=False, ament_cmake_args=None, catkin_cmake_args=None, catkin_skip_building_tests=False, verb_parser=<colcon_defaults.argument_parser.defaults.DefaultArgumentsDecorator object at 0x70fe3815d430>, verb_extension=<colcon_core.verb.build.BuildVerb object at 0x70fe3815d2b0>, main=<bound method BuildVerb.main of <colcon_core.verb.build.BuildVerb object at 0x70fe3815d2b0>>)
[0.072s] Level 1:colcon.colcon_core.package_discovery:discover_packages(colcon_meta) check parameters
[0.073s] Level 1:colcon.colcon_core.package_discovery:discover_packages(recursive) check parameters
[0.073s] Level 1:colcon.colcon_core.package_discovery:discover_packages(ignore) check parameters
[0.073s] Level 1:colcon.colcon_core.package_discovery:discover_packages(path) check parameters
[0.073s] Level 1:colcon.colcon_core.package_discovery:discover_packages(colcon_meta) discover
[0.073s] Level 1:colcon.colcon_core.package_discovery:discover_packages(recursive) discover
[0.073s] INFO:colcon.colcon_core.package_discovery:Crawling recursively for packages in '/home/pread/Project/env_robot'
[0.073s] Level 1:colcon.colcon_core.package_identification:_identify(.) by extensions ['ignore', 'ignore_ament_install']
[0.073s] Level 1:colcon.colcon_core.package_identification:_identify(.) by extension 'ignore'
[0.073s] Level 1:colcon.colcon_core.package_identification:_identify(.) by extension 'ignore_ament_install'
[0.073s] Level 1:colcon.colcon_core.package_identification:_identify(.) by extensions ['colcon_pkg']
[0.073s] Level 1:colcon.colcon_core.package_identification:_identify(.) by extension 'colcon_pkg'
[0.073s] Level 1:colcon.colcon_core.package_identification:_identify(.) by extensions ['colcon_meta']
[0.073s] Level 1:colcon.colcon_core.package_identification:_identify(.) by extension 'colcon_meta'
[0.073s] Level 1:colcon.colcon_core.package_identification:_identify(.) by extensions ['ros']
[0.073s] Level 1:colcon.colcon_core.package_identification:_identify(.) by extension 'ros'
[0.087s] Level 1:colcon.colcon_core.package_identification:_identify(.) by extensions ['cmake', 'python']
[0.087s] Level 1:colcon.colcon_core.package_identification:_identify(.) by extension 'cmake'
[0.087s] Level 1:colcon.colcon_core.package_identification:_identify(.) by extension 'python'
[0.087s] Level 1:colcon.colcon_core.package_identification:_identify(.) by extensions ['python_setup_py']
[0.087s] Level 1:colcon.colcon_core.package_identification:_identify(.) by extension 'python_setup_py'
[0.087s] Level 1:colcon.colcon_core.package_identification:_identify(build) by extensions ['ignore', 'ignore_ament_install']
[0.087s] Level 1:colcon.colcon_core.package_identification:_identify(build) by extension 'ignore'
[0.087s] Level 1:colcon.colcon_core.package_identification:_identify(build) ignored
[0.087s] Level 1:colcon.colcon_core.package_identification:_identify(install) by extensions ['ignore', 'ignore_ament_install']
[0.087s] Level 1:colcon.colcon_core.package_identification:_identify(install) by extension 'ignore'
[0.087s] Level 1:colcon.colcon_core.package_identification:_identify(install) ignored
[0.087s] Level 1:colcon.colcon_core.package_identification:_identify(log) by extensions ['ignore', 'ignore_ament_install']
[0.087s] Level 1:colcon.colcon_core.package_identification:_identify(log) by extension 'ignore'
[0.087s] Level 1:colcon.colcon_core.package_identification:_identify(log) ignored
[0.087s] Level 1:colcon.colcon_core.package_identification:_identify(src) by extensions ['ignore', 'ignore_ament_install']
[0.087s] Level 1:colcon.colcon_core.package_identification:_identify(src) by extension 'ignore'
[0.087s] Level 1:colcon.colcon_core.package_identification:_identify(src) by extension 'ignore_ament_install'
[0.087s] Level 1:colcon.colcon_core.package_identification:_identify(src) by extensions ['colcon_pkg']
[0.087s] Level 1:colcon.colcon_core.package_identification:_identify(src) by extension 'colcon_pkg'
[0.087s] Level 1:colcon.colcon_core.package_identification:_identify(src) by extensions ['colcon_meta']
[0.087s] Level 1:colcon.colcon_core.package_identification:_identify(src) by extension 'colcon_meta'
[0.087s] Level 1:colcon.colcon_core.package_identification:_identify(src) by extensions ['ros']
[0.087s] Level 1:colcon.colcon_core.package_identification:_identify(src) by extension 'ros'
[0.087s] Level 1:colcon.colcon_core.package_identification:_identify(src) by extensions ['cmake', 'python']
[0.087s] Level 1:colcon.colcon_core.package_identification:_identify(src) by extension 'cmake'
[0.087s] Level 1:colcon.colcon_core.package_identification:_identify(src) by extension 'python'
[0.087s] Level 1:colcon.colcon_core.package_identification:_identify(src) by extensions ['python_setup_py']
[0.087s] Level 1:colcon.colcon_core.package_identification:_identify(src) by extension 'python_setup_py'
[0.087s] Level 1:colcon.colcon_core.package_identification:_identify(src/so101_description) by extensions ['ignore', 'ignore_ament_install']
[0.087s] Level 1:colcon.colcon_core.package_identification:_identify(src/so101_description) by extension 'ignore'
[0.087s] Level 1:colcon.colcon_core.package_identification:_identify(src/so101_description) by extension 'ignore_ament_install'
[0.087s] Level 1:colcon.colcon_core.package_identification:_identify(src/so101_description) by extensions ['colcon_pkg']
[0.087s] Level 1:colcon.colcon_core.package_identification:_identify(src/so101_description) by extension 'colcon_pkg'
[0.087s] Level 1:colcon.colcon_core.package_identification:_identify(src/so101_description) by extensions ['colcon_meta']
[0.087s] Level 1:colcon.colcon_core.package_identification:_identify(src/so101_description) by extension 'colcon_meta'
[0.087s] Level 1:colcon.colcon_core.package_identification:_identify(src/so101_description) by extensions ['ros']
[0.087s] Level 1:colcon.colcon_core.package_identification:_identify(src/so101_description) by extension 'ros'
[0.089s] DEBUG:colcon.colcon_core.package_identification:Package 'src/so101_description' with type 'ros.ament_cmake' and name 'so101_description'
[0.089s] Level 1:colcon.colcon_core.package_identification:_identify(src/so101_isaac) by extensions ['ignore', 'ignore_ament_install']
[0.089s] Level 1:colcon.colcon_core.package_identification:_identify(src/so101_isaac) by extension 'ignore'
[0.089s] Level 1:colcon.colcon_core.package_identification:_identify(src/so101_isaac) by extension 'ignore_ament_install'
[0.089s] Level 1:colcon.colcon_core.package_identification:_identify(src/so101_isaac) by extensions ['colcon_pkg']
[0.089s] Level 1:colcon.colcon_core.package_identification:_identify(src/so101_isaac) by extension 'colcon_pkg'
[0.089s] Level 1:colcon.colcon_core.package_identification:_identify(src/so101_isaac) by extensions ['colcon_meta']
[0.089s] Level 1:colcon.colcon_core.package_identification:_identify(src/so101_isaac) by extension 'colcon_meta'
[0.089s] Level 1:colcon.colcon_core.package_identification:_identify(src/so101_isaac) by extensions ['ros']
[0.089s] Level 1:colcon.colcon_core.package_identification:_identify(src/so101_isaac) by extension 'ros'
[0.090s] DEBUG:colcon.colcon_core.package_identification:Package 'src/so101_isaac' with type 'ros.ament_python' and name 'so101_isaac'
[0.090s] Level 1:colcon.colcon_core.package_discovery:discover_packages(recursive) using defaults
[0.090s] Level 1:colcon.colcon_core.package_discovery:discover_packages(ignore) discover
[0.090s] Level 1:colcon.colcon_core.package_discovery:discover_packages(ignore) using defaults
[0.090s] Level 1:colcon.colcon_core.package_discovery:discover_packages(path) discover
[0.090s] Level 1:colcon.colcon_core.package_discovery:discover_packages(path) using defaults
[0.100s] Level 1:colcon.colcon_core.package_discovery:discover_packages(prefix_path) check parameters
[0.100s] Level 1:colcon.colcon_core.package_discovery:discover_packages(prefix_path) discover
[0.101s] DEBUG:colcon.colcon_installed_package_information.package_discovery:Found 287 installed packages in /opt/ros/jazzy
[0.101s] Level 1:colcon.colcon_core.package_discovery:discover_packages(prefix_path) using defaults
[0.120s] Level 5:colcon.colcon_core.verb:set package 'so101_description' build argument 'cmake_args' from command line to 'None'
[0.120s] Level 5:colcon.colcon_core.verb:set package 'so101_description' build argument 'cmake_target' from command line to 'None'
[0.120s] Level 5:colcon.colcon_core.verb:set package 'so101_description' build argument 'cmake_target_skip_unavailable' from command line to 'False'
[0.120s] Level 5:colcon.colcon_core.verb:set package 'so101_description' build argument 'cmake_clean_cache' from command line to 'False'
[0.120s] Level 5:colcon.colcon_core.verb:set package 'so101_description' build argument 'cmake_clean_first' from command line to 'False'
[0.120s] Level 5:colcon.colcon_core.verb:set package 'so101_description' build argument 'cmake_force_configure' from command line to 'False'
[0.120s] Level 5:colcon.colcon_core.verb:set package 'so101_description' build argument 'ament_cmake_args' from command line to 'None'
[0.120s] Level 5:colcon.colcon_core.verb:set package 'so101_description' build argument 'catkin_cmake_args' from command line to 'None'
[0.120s] Level 5:colcon.colcon_core.verb:set package 'so101_description' build argument 'catkin_skip_building_tests' from command line to 'False'
[0.120s] DEBUG:colcon.colcon_core.verb:Building package 'so101_description' with the following arguments: {'ament_cmake_args': None, 'build_base': '/home/pread/Project/env_robot/build/so101_description', 'catkin_cmake_args': None, 'catkin_skip_building_tests': False, 'cmake_args': None, 'cmake_clean_cache': False, 'cmake_clean_first': False, 'cmake_force_configure': False, 'cmake_target': None, 'cmake_target_skip_unavailable': False, 'install_base': '/home/pread/Project/env_robot/install/so101_description', 'merge_install': False, 'path': '/home/pread/Project/env_robot/src/so101_description', 'symlink_install': True, 'test_result_base': None}
[0.120s] Level 5:colcon.colcon_core.verb:set package 'so101_isaac' build argument 'cmake_args' from command line to 'None'
[0.120s] Level 5:colcon.colcon_core.verb:set package 'so101_isaac' build argument 'cmake_target' from command line to 'None'
[0.120s] Level 5:colcon.colcon_core.verb:set package 'so101_isaac' build argument 'cmake_target_skip_unavailable' from command line to 'False'
[0.120s] Level 5:colcon.colcon_core.verb:set package 'so101_isaac' build argument 'cmake_clean_cache' from command line to 'False'
[0.120s] Level 5:colcon.colcon_core.verb:set package 'so101_isaac' build argument 'cmake_clean_first' from command line to 'False'
[0.120s] Level 5:colcon.colcon_core.verb:set package 'so101_isaac' build argument 'cmake_force_configure' from command line to 'False'
[0.120s] Level 5:colcon.colcon_core.verb:set package 'so101_isaac' build argument 'ament_cmake_args' from command line to 'None'
[0.120s] Level 5:colcon.colcon_core.verb:set package 'so101_isaac' build argument 'catkin_cmake_args' from command line to 'None'
[0.120s] Level 5:colcon.colcon_core.verb:set package 'so101_isaac' build argument 'catkin_skip_building_tests' from command line to 'False'
[0.120s] DEBUG:colcon.colcon_core.verb:Building package 'so101_isaac' with the following arguments: {'ament_cmake_args': None, 'build_base': '/home/pread/Project/env_robot/build/so101_isaac', 'catkin_cmake_args': None, 'catkin_skip_building_tests': False, 'cmake_args': None, 'cmake_clean_cache': False, 'cmake_clean_first': False, 'cmake_force_configure': False, 'cmake_target': None, 'cmake_target_skip_unavailable': False, 'install_base': '/home/pread/Project/env_robot/install/so101_isaac', 'merge_install': False, 'path': '/home/pread/Project/env_robot/src/so101_isaac', 'symlink_install': True, 'test_result_base': None}
[0.120s] INFO:colcon.colcon_core.executor:Executing jobs using 'parallel' executor
[0.121s] DEBUG:colcon.colcon_parallel_executor.executor.parallel:run_until_complete
[0.121s] INFO:colcon.colcon_ros.task.ament_cmake.build:Building ROS package in '/home/pread/Project/env_robot/src/so101_description' with build type 'ament_cmake'
[0.121s] INFO:colcon.colcon_cmake.task.cmake.build:Building CMake package in '/home/pread/Project/env_robot/src/so101_description'
[0.122s] INFO:colcon.colcon_core.plugin_system:Skipping extension 'colcon_core.shell.bat': Not used on non-Windows systems
[0.122s] INFO:colcon.colcon_core.shell:Skip shell extension 'powershell' for command environment: Not usable outside of PowerShell
[0.122s] DEBUG:colcon.colcon_core.shell:Skip shell extension 'dsv' for command environment
[0.127s] DEBUG:colcon.colcon_core.event_handler.log_command:Invoking command in '/home/pread/Project/env_robot/build/so101_description': CMAKE_PREFIX_PATH=${CMAKE_PREFIX_PATH}:/opt/ros/jazzy DEBUGINFOD_URLS=https://debuginfod.ubuntu.com /usr/bin/cmake /home/pread/Project/env_robot/src/so101_description -DAMENT_CMAKE_SYMLINK_INSTALL=1 -DCMAKE_INSTALL_PREFIX=/home/pread/Project/env_robot/install/so101_description
[0.590s] DEBUG:colcon.colcon_core.event_handler.log_command:Invoked command in '/home/pread/Project/env_robot/build/so101_description' returned '0': CMAKE_PREFIX_PATH=${CMAKE_PREFIX_PATH}:/opt/ros/jazzy DEBUGINFOD_URLS=https://debuginfod.ubuntu.com /usr/bin/cmake /home/pread/Project/env_robot/src/so101_description -DAMENT_CMAKE_SYMLINK_INSTALL=1 -DCMAKE_INSTALL_PREFIX=/home/pread/Project/env_robot/install/so101_description
[0.591s] DEBUG:colcon.colcon_core.event_handler.log_command:Invoking command in '/home/pread/Project/env_robot/build/so101_description': CMAKE_PREFIX_PATH=${CMAKE_PREFIX_PATH}:/opt/ros/jazzy DEBUGINFOD_URLS=https://debuginfod.ubuntu.com /usr/bin/cmake --build /home/pread/Project/env_robot/build/so101_description -- -j20 -l20
[0.618s] DEBUG:colcon.colcon_core.event_handler.log_command:Invoked command in '/home/pread/Project/env_robot/build/so101_description' returned '0': CMAKE_PREFIX_PATH=${CMAKE_PREFIX_PATH}:/opt/ros/jazzy DEBUGINFOD_URLS=https://debuginfod.ubuntu.com /usr/bin/cmake --build /home/pread/Project/env_robot/build/so101_description -- -j20 -l20
[0.623s] DEBUG:colcon.colcon_core.event_handler.log_command:Invoking command in '/home/pread/Project/env_robot/build/so101_description': CMAKE_PREFIX_PATH=${CMAKE_PREFIX_PATH}:/opt/ros/jazzy DEBUGINFOD_URLS=https://debuginfod.ubuntu.com /usr/bin/cmake --install /home/pread/Project/env_robot/build/so101_description
[0.867s] Level 1:colcon.colcon_core.environment:create_environment_scripts_only(so101_description)
[0.868s] DEBUG:colcon.colcon_core.event_handler.log_command:Invoked command in '/home/pread/Project/env_robot/build/so101_description' returned '0': CMAKE_PREFIX_PATH=${CMAKE_PREFIX_PATH}:/opt/ros/jazzy DEBUGINFOD_URLS=https://debuginfod.ubuntu.com /usr/bin/cmake --install /home/pread/Project/env_robot/build/so101_description
[0.868s] Level 1:colcon.colcon_core.environment:checking '/home/pread/Project/env_robot/install/so101_description' for CMake module files
[0.869s] Level 1:colcon.colcon_core.environment:checking '/home/pread/Project/env_robot/install/so101_description' for CMake config files
[0.869s] Level 1:colcon.colcon_core.shell:create_environment_hook('so101_description', 'cmake_prefix_path')
[0.869s] INFO:colcon.colcon_core.shell:Creating environment hook '/home/pread/Project/env_robot/install/so101_description/share/so101_description/hook/cmake_prefix_path.ps1'
[0.869s] INFO:colcon.colcon_core.shell:Creating environment descriptor '/home/pread/Project/env_robot/install/so101_description/share/so101_description/hook/cmake_prefix_path.dsv'
[0.870s] INFO:colcon.colcon_core.shell:Creating environment hook '/home/pread/Project/env_robot/install/so101_description/share/so101_description/hook/cmake_prefix_path.sh'
[0.870s] Level 1:colcon.colcon_core.environment:checking '/home/pread/Project/env_robot/install/so101_description/bin'
[0.870s] Level 1:colcon.colcon_core.environment:checking '/home/pread/Project/env_robot/install/so101_description/lib/pkgconfig/so101_description.pc'
[0.870s] Level 1:colcon.colcon_core.environment:checking '/home/pread/Project/env_robot/install/so101_description/lib/python3.12/site-packages'
[0.871s] Level 1:colcon.colcon_core.environment:checking '/home/pread/Project/env_robot/install/so101_description/bin'
[0.871s] INFO:colcon.colcon_core.shell:Creating package script '/home/pread/Project/env_robot/install/so101_description/share/so101_description/package.ps1'
[0.871s] INFO:colcon.colcon_core.shell:Creating package descriptor '/home/pread/Project/env_robot/install/so101_description/share/so101_description/package.dsv'
[0.871s] INFO:colcon.colcon_core.shell:Creating package script '/home/pread/Project/env_robot/install/so101_description/share/so101_description/package.sh'
[0.872s] INFO:colcon.colcon_core.shell:Creating package script '/home/pread/Project/env_robot/install/so101_description/share/so101_description/package.bash'
[0.872s] INFO:colcon.colcon_core.shell:Creating package script '/home/pread/Project/env_robot/install/so101_description/share/so101_description/package.zsh'
[0.872s] Level 1:colcon.colcon_core.environment:create_file_with_runtime_dependencies(/home/pread/Project/env_robot/install/so101_description/share/colcon-core/packages/so101_description)
[0.872s] Level 1:colcon.colcon_core.environment:create_environment_scripts_only(so101_description)
[0.873s] Level 1:colcon.colcon_core.environment:checking '/home/pread/Project/env_robot/install/so101_description' for CMake module files
[0.873s] Level 1:colcon.colcon_core.environment:checking '/home/pread/Project/env_robot/install/so101_description' for CMake config files
[0.873s] Level 1:colcon.colcon_core.shell:create_environment_hook('so101_description', 'cmake_prefix_path')
[0.873s] INFO:colcon.colcon_core.shell:Creating environment hook '/home/pread/Project/env_robot/install/so101_description/share/so101_description/hook/cmake_prefix_path.ps1'
[0.873s] INFO:colcon.colcon_core.shell:Creating environment descriptor '/home/pread/Project/env_robot/install/so101_description/share/so101_description/hook/cmake_prefix_path.dsv'
[0.873s] INFO:colcon.colcon_core.shell:Creating environment hook '/home/pread/Project/env_robot/install/so101_description/share/so101_description/hook/cmake_prefix_path.sh'
[0.874s] Level 1:colcon.colcon_core.environment:checking '/home/pread/Project/env_robot/install/so101_description/bin'
[0.874s] Level 1:colcon.colcon_core.environment:checking '/home/pread/Project/env_robot/install/so101_description/lib/pkgconfig/so101_description.pc'
[0.874s] Level 1:colcon.colcon_core.environment:checking '/home/pread/Project/env_robot/install/so101_description/lib/python3.12/site-packages'
[0.874s] Level 1:colcon.colcon_core.environment:checking '/home/pread/Project/env_robot/install/so101_description/bin'
[0.874s] INFO:colcon.colcon_core.shell:Creating package script '/home/pread/Project/env_robot/install/so101_description/share/so101_description/package.ps1'
[0.874s] INFO:colcon.colcon_core.shell:Creating package descriptor '/home/pread/Project/env_robot/install/so101_description/share/so101_description/package.dsv'
[0.874s] INFO:colcon.colcon_core.shell:Creating package script '/home/pread/Project/env_robot/install/so101_description/share/so101_description/package.sh'
[0.875s] INFO:colcon.colcon_core.shell:Creating package script '/home/pread/Project/env_robot/install/so101_description/share/so101_description/package.bash'
[0.875s] INFO:colcon.colcon_core.shell:Creating package script '/home/pread/Project/env_robot/install/so101_description/share/so101_description/package.zsh'
[0.875s] Level 1:colcon.colcon_core.environment:create_file_with_runtime_dependencies(/home/pread/Project/env_robot/install/so101_description/share/colcon-core/packages/so101_description)
[0.875s] INFO:colcon.colcon_ros.task.ament_python.build:Building ROS package in '/home/pread/Project/env_robot/src/so101_isaac' with build type 'ament_python'
[0.875s] Level 1:colcon.colcon_core.shell:create_environment_hook('so101_isaac', 'ament_prefix_path')
[0.875s] INFO:colcon.colcon_core.shell:Creating environment hook '/home/pread/Project/env_robot/install/so101_isaac/share/so101_isaac/hook/ament_prefix_path.ps1'
[0.876s] INFO:colcon.colcon_core.shell:Creating environment descriptor '/home/pread/Project/env_robot/install/so101_isaac/share/so101_isaac/hook/ament_prefix_path.dsv'
[0.876s] INFO:colcon.colcon_core.shell:Creating environment hook '/home/pread/Project/env_robot/install/so101_isaac/share/so101_isaac/hook/ament_prefix_path.sh'
[0.876s] INFO:colcon.colcon_core.shell:Skip shell extension 'powershell' for command environment: Not usable outside of PowerShell
[0.876s] DEBUG:colcon.colcon_core.shell:Skip shell extension 'dsv' for command environment
[0.986s] INFO:colcon.colcon_core.task.python.build:Building Python package in '/home/pread/Project/env_robot/src/so101_isaac'
[0.986s] INFO:colcon.colcon_core.shell:Skip shell extension 'powershell' for command environment: Not usable outside of PowerShell
[0.986s] DEBUG:colcon.colcon_core.shell:Skip shell extension 'dsv' for command environment
[1.306s] DEBUG:colcon.colcon_core.task.python.build:Available setuptools commands: extract_messages, easy_install, clean, check, test, install_headers, develop, upload, install_lib, bdist_egg, saveopts, rotate, install_scripts, build_scripts, install_data, bdist_rpm, init_catalog, build_clib, build_ext, install, egg_info, upload_docs, setopt, build, update_catalog, dist_info, editable_wheel, sdist, compile_catalog, register, bdist, build_py, alias, bdist_dumb, install_egg_info, symlink_data
[1.462s] DEBUG:colcon.colcon_core.task.python.build:Available setuptools 'develop' options: --quiet, --local-snapshots-ok, --always-copy, --install-layout, --no-user-cfg, --user, --prefix, --force-installation-into-system-dir, --script-dir, --verbose, --no-find-links, --record, --multi-version, --egg-path, --no-deps, --editable, --dry-run, --always-unzip, --build-directory, --uninstall, --upgrade, --find-links, --allow-hosts, --install-dir, --exclude-scripts, --optimize, --help, --version, --zip-ok, --index-url, --site-dirs
[1.463s] DEBUG:colcon.colcon_core.event_handler.log_command:Invoking command in '/home/pread/Project/env_robot/build/so101_isaac': AMENT_PREFIX_PATH=/home/pread/Project/env_robot/install/so101_description:${AMENT_PREFIX_PATH} CMAKE_PREFIX_PATH=/home/pread/Project/env_robot/install/so101_description:${CMAKE_PREFIX_PATH} DEBUGINFOD_URLS=https://debuginfod.ubuntu.com PYTHONPATH=/home/pread/Project/env_robot/build/so101_isaac/prefix_override:/usr/lib/python3/dist-packages/colcon_core/task/python/colcon_distutils_commands:/home/pread/Project/env_robot/install/so101_isaac/lib/python3.12/site-packages:${PYTHONPATH} /usr/bin/python3 -W ignore:setup.py install is deprecated -W ignore:easy_install command is deprecated setup.py develop --editable --build-directory /home/pread/Project/env_robot/build/so101_isaac/build --no-deps symlink_data
[1.745s] Level 1:colcon.colcon_core.shell:create_environment_hook('so101_isaac', 'pythonpath_develop')
[1.745s] INFO:colcon.colcon_core.shell:Creating environment hook '/home/pread/Project/env_robot/build/so101_isaac/share/so101_isaac/hook/pythonpath_develop.ps1'
[1.745s] DEBUG:colcon.colcon_core.event_handler.log_command:Invoked command in '/home/pread/Project/env_robot/build/so101_isaac' returned '0': AMENT_PREFIX_PATH=/home/pread/Project/env_robot/install/so101_description:${AMENT_PREFIX_PATH} CMAKE_PREFIX_PATH=/home/pread/Project/env_robot/install/so101_description:${CMAKE_PREFIX_PATH} DEBUGINFOD_URLS=https://debuginfod.ubuntu.com PYTHONPATH=/home/pread/Project/env_robot/build/so101_isaac/prefix_override:/usr/lib/python3/dist-packages/colcon_core/task/python/colcon_distutils_commands:/home/pread/Project/env_robot/install/so101_isaac/lib/python3.12/site-packages:${PYTHONPATH} /usr/bin/python3 -W ignore:setup.py install is deprecated -W ignore:easy_install command is deprecated setup.py develop --editable --build-directory /home/pread/Project/env_robot/build/so101_isaac/build --no-deps symlink_data
[1.746s] INFO:colcon.colcon_core.shell:Creating environment descriptor '/home/pread/Project/env_robot/build/so101_isaac/share/so101_isaac/hook/pythonpath_develop.dsv'
[1.746s] INFO:colcon.colcon_core.shell:Creating environment hook '/home/pread/Project/env_robot/build/so101_isaac/share/so101_isaac/hook/pythonpath_develop.sh'
[1.746s] Level 1:colcon.colcon_core.environment:checking '/home/pread/Project/env_robot/install/so101_isaac' for CMake module files
[1.746s] Level 1:colcon.colcon_core.environment:checking '/home/pread/Project/env_robot/install/so101_isaac' for CMake config files
[1.746s] Level 1:colcon.colcon_core.environment:checking '/home/pread/Project/env_robot/install/so101_isaac/lib'
[1.747s] Level 1:colcon.colcon_core.environment:checking '/home/pread/Project/env_robot/install/so101_isaac/bin'
[1.747s] Level 1:colcon.colcon_core.environment:checking '/home/pread/Project/env_robot/install/so101_isaac/lib/pkgconfig/so101_isaac.pc'
[1.747s] Level 1:colcon.colcon_core.environment:checking '/home/pread/Project/env_robot/install/so101_isaac/lib/python3.12/site-packages'
[1.747s] Level 1:colcon.colcon_core.shell:create_environment_hook('so101_isaac', 'pythonpath')
[1.747s] INFO:colcon.colcon_core.shell:Creating environment hook '/home/pread/Project/env_robot/install/so101_isaac/share/so101_isaac/hook/pythonpath.ps1'
[1.747s] INFO:colcon.colcon_core.shell:Creating environment descriptor '/home/pread/Project/env_robot/install/so101_isaac/share/so101_isaac/hook/pythonpath.dsv'
[1.747s] INFO:colcon.colcon_core.shell:Creating environment hook '/home/pread/Project/env_robot/install/so101_isaac/share/so101_isaac/hook/pythonpath.sh'
[1.747s] Level 1:colcon.colcon_core.environment:checking '/home/pread/Project/env_robot/install/so101_isaac/bin'
[1.747s] Level 1:colcon.colcon_core.environment:create_environment_scripts_only(so101_isaac)
[1.748s] INFO:colcon.colcon_core.shell:Creating package script '/home/pread/Project/env_robot/install/so101_isaac/share/so101_isaac/package.ps1'
[1.748s] INFO:colcon.colcon_core.shell:Creating package descriptor '/home/pread/Project/env_robot/install/so101_isaac/share/so101_isaac/package.dsv'
[1.748s] INFO:colcon.colcon_core.shell:Creating package script '/home/pread/Project/env_robot/install/so101_isaac/share/so101_isaac/package.sh'
[1.748s] INFO:colcon.colcon_core.shell:Creating package script '/home/pread/Project/env_robot/install/so101_isaac/share/so101_isaac/package.bash'
[1.748s] INFO:colcon.colcon_core.shell:Creating package script '/home/pread/Project/env_robot/install/so101_isaac/share/so101_isaac/package.zsh'
[1.748s] Level 1:colcon.colcon_core.environment:create_file_with_runtime_dependencies(/home/pread/Project/env_robot/install/so101_isaac/share/colcon-core/packages/so101_isaac)
[1.749s] DEBUG:colcon.colcon_parallel_executor.executor.parallel:closing loop
[1.749s] DEBUG:colcon.colcon_parallel_executor.executor.parallel:loop closed
[1.749s] DEBUG:colcon.colcon_parallel_executor.executor.parallel:run_until_complete finished with '0'
[1.749s] DEBUG:colcon.colcon_core.event_reactor:joining thread
[1.752s] INFO:colcon.colcon_core.plugin_system:Skipping extension 'colcon_notification.desktop_notification.terminal_notifier': Not used on non-Darwin systems
[1.752s] INFO:colcon.colcon_core.plugin_system:Skipping extension 'colcon_notification.desktop_notification.win32': Not used on non-Windows systems
[1.752s] INFO:colcon.colcon_notification.desktop_notification:Sending desktop notification using 'notify2'
[1.763s] DEBUG:colcon.colcon_core.event_reactor:joined thread
[1.763s] INFO:colcon.colcon_core.shell:Creating prefix script '/home/pread/Project/env_robot/install/local_setup.ps1'
[1.764s] INFO:colcon.colcon_core.shell:Creating prefix util module '/home/pread/Project/env_robot/install/_local_setup_util_ps1.py'
[1.764s] INFO:colcon.colcon_core.shell:Creating prefix chain script '/home/pread/Project/env_robot/install/setup.ps1'
[1.765s] INFO:colcon.colcon_core.shell:Creating prefix script '/home/pread/Project/env_robot/install/local_setup.sh'
[1.765s] INFO:colcon.colcon_core.shell:Creating prefix util module '/home/pread/Project/env_robot/install/_local_setup_util_sh.py'
[1.765s] INFO:colcon.colcon_core.shell:Creating prefix chain script '/home/pread/Project/env_robot/install/setup.sh'
[1.765s] INFO:colcon.colcon_core.shell:Creating prefix script '/home/pread/Project/env_robot/install/local_setup.bash'
[1.766s] INFO:colcon.colcon_core.shell:Creating prefix chain script '/home/pread/Project/env_robot/install/setup.bash'
[1.766s] INFO:colcon.colcon_core.shell:Creating prefix script '/home/pread/Project/env_robot/install/local_setup.zsh'
[1.766s] INFO:colcon.colcon_core.shell:Creating prefix chain script '/home/pread/Project/env_robot/install/setup.zsh'
