running develop
running egg_info
creating so101_isaac.egg-info
writing so101_isaac.egg-info/PKG-INFO
writing dependency_links to so101_isaac.egg-info/dependency_links.txt
writing entry points to so101_isaac.egg-info/entry_points.txt
writing requirements to so101_isaac.egg-info/requires.txt
writing top-level names to so101_isaac.egg-info/top_level.txt
writing manifest file 'so101_isaac.egg-info/SOURCES.txt'
reading manifest file 'so101_isaac.egg-info/SOURCES.txt'
writing manifest file 'so101_isaac.egg-info/SOURCES.txt'
running build_ext
Creating /home/pread/Project/env_robot/install/so101_isaac/lib/python3.12/site-packages/so101-isaac.egg-link (link to .)
Installing joint_commander script to /home/pread/Project/env_robot/install/so101_isaac/lib/so101_isaac

Installed /home/pread/Project/env_robot/build/so101_isaac
running symlink_data
creating /home/pread/Project/env_robot/install/so101_isaac/share/ament_index
creating /home/pread/Project/env_robot/install/so101_isaac/share/ament_index/resource_index
creating /home/pread/Project/env_robot/install/so101_isaac/share/ament_index/resource_index/packages
symbolically linking /home/pread/Project/env_robot/build/so101_isaac/resource/so101_isaac -> /home/pread/Project/env_robot/install/so101_isaac/share/ament_index/resource_index/packages
symbolically linking /home/pread/Project/env_robot/build/so101_isaac/package.xml -> /home/pread/Project/env_robot/install/so101_isaac/share/so101_isaac
creating /home/pread/Project/env_robot/install/so101_isaac/share/so101_isaac/launch
symbolically linking /home/pread/Project/env_robot/build/so101_isaac/launch/so101_isaac.launch.py -> /home/pread/Project/env_robot/install/so101_isaac/share/so101_isaac/launch
creating /home/pread/Project/env_robot/install/so101_isaac/share/so101_isaac/config
symbolically linking /home/pread/Project/env_robot/build/so101_isaac/config/joint_commander.yaml -> /home/pread/Project/env_robot/install/so101_isaac/share/so101_isaac/config
creating /home/pread/Project/env_robot/install/so101_isaac/share/so101_isaac/isaac
symbolically linking /home/pread/Project/env_robot/build/so101_isaac/isaac/so101_table_scene.py -> /home/pread/Project/env_robot/install/so101_isaac/share/so101_isaac/isaac
