[0.587s] Invoking command in '/home/pread/Project/env_robot/build/so101_isaac': AMENT_PREFIX_PATH=/home/pread/Project/env_robot/install/so101_description:${AMENT_PREFIX_PATH} CMAKE_PREFIX_PATH=/home/pread/Project/env_robot/install/so101_description:${CMAKE_PREFIX_PATH} DEBUGINFOD_URLS=https://debuginfod.ubuntu.com PYTHONPATH=/home/pread/Project/env_robot/build/so101_isaac/prefix_override:/usr/lib/python3/dist-packages/colcon_core/task/python/colcon_distutils_commands:/home/pread/Project/env_robot/install/so101_isaac/lib/python3.12/site-packages:${PYTHONPATH} /usr/bin/python3 -W ignore:setup.py install is deprecated -W ignore:easy_install command is deprecated setup.py develop --editable --build-directory /home/pread/Project/env_robot/build/so101_isaac/build --no-deps symlink_data
[0.739s] running develop
[0.819s] running egg_info
[0.819s] creating so101_isaac.egg-info
[0.827s] writing so101_isaac.egg-info/PKG-INFO
[0.827s] writing dependency_links to so101_isaac.egg-info/dependency_links.txt
[0.827s] writing entry points to so101_isaac.egg-info/entry_points.txt
[0.827s] writing requirements to so101_isaac.egg-info/requires.txt
[0.827s] writing top-level names to so101_isaac.egg-info/top_level.txt
[0.827s] writing manifest file 'so101_isaac.egg-info/SOURCES.txt'
[0.843s] reading manifest file 'so101_isaac.egg-info/SOURCES.txt'
[0.843s] writing manifest file 'so101_isaac.egg-info/SOURCES.txt'
[0.851s] running build_ext
[0.852s] Creating /home/pread/Project/env_robot/install/so101_isaac/lib/python3.12/site-packages/so101-isaac.egg-link (link to .)
[0.852s] Installing joint_commander script to /home/pread/Project/env_robot/install/so101_isaac/lib/so101_isaac
[0.852s] 
[0.852s] Installed /home/pread/Project/env_robot/build/so101_isaac
[0.852s] running symlink_data
[0.852s] creating /home/pread/Project/env_robot/install/so101_isaac/share/ament_index
[0.852s] creating /home/pread/Project/env_robot/install/so101_isaac/share/ament_index/resource_index
[0.852s] creating /home/pread/Project/env_robot/install/so101_isaac/share/ament_index/resource_index/packages
[0.852s] symbolically linking /home/pread/Project/env_robot/build/so101_isaac/resource/so101_isaac -> /home/pread/Project/env_robot/install/so101_isaac/share/ament_index/resource_index/packages
[0.852s] symbolically linking /home/pread/Project/env_robot/build/so101_isaac/package.xml -> /home/pread/Project/env_robot/install/so101_isaac/share/so101_isaac
[0.852s] creating /home/pread/Project/env_robot/install/so101_isaac/share/so101_isaac/launch
[0.852s] symbolically linking /home/pread/Project/env_robot/build/so101_isaac/launch/so101_isaac.launch.py -> /home/pread/Project/env_robot/install/so101_isaac/share/so101_isaac/launch
[0.852s] creating /home/pread/Project/env_robot/install/so101_isaac/share/so101_isaac/config
[0.852s] symbolically linking /home/pread/Project/env_robot/build/so101_isaac/config/joint_commander.yaml -> /home/pread/Project/env_robot/install/so101_isaac/share/so101_isaac/config
[0.852s] creating /home/pread/Project/env_robot/install/so101_isaac/share/so101_isaac/isaac
[0.853s] symbolically linking /home/pread/Project/env_robot/build/so101_isaac/isaac/so101_table_scene.py -> /home/pread/Project/env_robot/install/so101_isaac/share/so101_isaac/isaac
[0.869s] Invoked command in '/home/pread/Project/env_robot/build/so101_isaac' returned '0': AMENT_PREFIX_PATH=/home/pread/Project/env_robot/install/so101_description:${AMENT_PREFIX_PATH} CMAKE_PREFIX_PATH=/home/pread/Project/env_robot/install/so101_description:${CMAKE_PREFIX_PATH} DEBUGINFOD_URLS=https://debuginfod.ubuntu.com PYTHONPATH=/home/pread/Project/env_robot/build/so101_isaac/prefix_override:/usr/lib/python3/dist-packages/colcon_core/task/python/colcon_distutils_commands:/home/pread/Project/env_robot/install/so101_isaac/lib/python3.12/site-packages:${PYTHONPATH} /usr/bin/python3 -W ignore:setup.py install is deprecated -W ignore:easy_install command is deprecated setup.py develop --editable --build-directory /home/pread/Project/env_robot/build/so101_isaac/build --no-deps symlink_data
