-- The C compiler identification is GNU 13.3.0
-- The CXX compiler identification is GNU 13.3.0
-- Detecting C compiler ABI info
-- Detecting C compiler ABI info - done
-- Check for working C compiler: /usr/bin/cc - skipped
-- Detecting C compile features
-- Detecting C compile features - done
-- Detecting CXX compiler ABI info
-- Detecting CXX compiler ABI info - done
-- Check for working CXX compiler: /usr/bin/c++ - skipped
-- Detecting CXX compile features
-- Detecting CXX compile features - done
-- Found ament_cmake: 2.5.6 (/opt/ros/jazzy/share/ament_cmake/cmake)
-- Found Python3: /usr/bin/python3 (found version "3.12.3") found components: Interpreter 
-- Override CMake install command with custom implementation using symlinks instead of copying resources
-- Configuring done (0.4s)
-- Generating done (0.0s)
-- Build files have been written to: /home/pread/Project/env_robot/build/so101_description
-- Install configuration: ""
-- Execute custom install script
-- Symlinking: /home/pread/Project/env_robot/install/so101_description/share/so101_description/urdf/so101.urdf
-- Symlinking: /home/pread/Project/env_robot/install/so101_description/share/so101_description/urdf/so101.urdf.xacro
-- Symlinking: /home/pread/Project/env_robot/install/so101_description/share/so101_description/urdf/so101/payloads/Physics/mujoco.usda
-- Symlinking: /home/pread/Project/env_robot/install/so101_description/share/so101_description/urdf/so101/payloads/Physics/physics.usda
-- Symlinking: /home/pread/Project/env_robot/install/so101_description/share/so101_description/urdf/so101/payloads/Physics/physx.usda
-- Symlinking: /home/pread/Project/env_robot/install/so101_description/share/so101_description/urdf/so101/payloads/base.usda
-- Symlinking: /home/pread/Project/env_robot/install/so101_description/share/so101_description/urdf/so101/payloads/geometries.usd
-- Symlinking: /home/pread/Project/env_robot/install/so101_description/share/so101_description/urdf/so101/payloads/instances.usda
-- Symlinking: /home/pread/Project/env_robot/install/so101_description/share/so101_description/urdf/so101/payloads/materials.usda
-- Symlinking: /home/pread/Project/env_robot/install/so101_description/share/so101_description/urdf/so101/payloads/robot.usda
-- Symlinking: /home/pread/Project/env_robot/install/so101_description/share/so101_description/urdf/so101/so101.usda
-- Symlinking: /home/pread/Project/env_robot/install/so101_description/share/so101_description/meshes/Moving_Jaw_SO101_v1.stl
-- Symlinking: /home/pread/Project/env_robot/install/so101_description/share/so101_description/meshes/base_link.stl
-- Symlinking: /home/pread/Project/env_robot/install/so101_description/share/so101_description/meshes/base_link_collision.stl
-- Symlinking: /home/pread/Project/env_robot/install/so101_description/share/so101_description/meshes/link_2.stl
-- Symlinking: /home/pread/Project/env_robot/install/so101_description/share/so101_description/meshes/link_2_collision.stl
-- Symlinking: /home/pread/Project/env_robot/install/so101_description/share/so101_description/meshes/link_3.stl
-- Symlinking: /home/pread/Project/env_robot/install/so101_description/share/so101_description/meshes/link_3_collision.stl
-- Symlinking: /home/pread/Project/env_robot/install/so101_description/share/so101_description/meshes/link_4.stl
-- Symlinking: /home/pread/Project/env_robot/install/so101_description/share/so101_description/meshes/link_4_collision.stl
-- Symlinking: /home/pread/Project/env_robot/install/so101_description/share/so101_description/meshes/link_5.stl
-- Symlinking: /home/pread/Project/env_robot/install/so101_description/share/so101_description/meshes/link_5_collision.stl
-- Symlinking: /home/pread/Project/env_robot/install/so101_description/share/so101_description/meshes/wrist_roll_follower_so101_v1.stl
-- Symlinking: /home/pread/Project/env_robot/install/so101_description/share/so101_description/launch/view_robot.launch.py
-- Symlinking: /home/pread/Project/env_robot/install/so101_description/share/so101_description/rviz/view_robot.rviz
-- Symlinking: /home/pread/Project/env_robot/install/so101_description/share/ament_index/resource_index/package_run_dependencies/so101_description
-- Symlinking: /home/pread/Project/env_robot/install/so101_description/share/ament_index/resource_index/parent_prefix_path/so101_description
-- Symlinking: /home/pread/Project/env_robot/install/so101_description/share/so101_description/environment/ament_prefix_path.sh
-- Symlinking: /home/pread/Project/env_robot/install/so101_description/share/so101_description/environment/ament_prefix_path.dsv
-- Symlinking: /home/pread/Project/env_robot/install/so101_description/share/so101_description/environment/path.sh
-- Symlinking: /home/pread/Project/env_robot/install/so101_description/share/so101_description/environment/path.dsv
-- Symlinking: /home/pread/Project/env_robot/install/so101_description/share/so101_description/local_setup.bash
-- Symlinking: /home/pread/Project/env_robot/install/so101_description/share/so101_description/local_setup.sh
-- Symlinking: /home/pread/Project/env_robot/install/so101_description/share/so101_description/local_setup.zsh
-- Symlinking: /home/pread/Project/env_robot/install/so101_description/share/so101_description/local_setup.dsv
-- Symlinking: /home/pread/Project/env_robot/install/so101_description/share/so101_description/package.dsv
-- Symlinking: /home/pread/Project/env_robot/install/so101_description/share/ament_index/resource_index/packages/so101_description
-- Symlinking: /home/pread/Project/env_robot/install/so101_description/share/so101_description/cmake/so101_descriptionConfig.cmake
-- Symlinking: /home/pread/Project/env_robot/install/so101_description/share/so101_description/cmake/so101_descriptionConfig-version.cmake
-- Symlinking: /home/pread/Project/env_robot/install/so101_description/share/so101_description/package.xml
