[0.005s] Invoking command in '/home/pread/Project/env_robot/build/so101_description': CMAKE_PREFIX_PATH=${CMAKE_PREFIX_PATH}:/opt/ros/jazzy DEBUGINFOD_URLS=https://debuginfod.ubuntu.com /usr/bin/cmake /home/pread/Project/env_robot/src/so101_description -DAMENT_CMAKE_SYMLINK_INSTALL=1 -DCMAKE_INSTALL_PREFIX=/home/pread/Project/env_robot/install/so101_description
[0.044s] -- The C compiler identification is GNU 13.3.0
[0.079s] -- The CXX compiler identification is GNU 13.3.0
[0.091s] -- Detecting C compiler ABI info
[0.155s] -- Detecting C compiler ABI info - done
[0.161s] -- Check for working C compiler: /usr/bin/cc - skipped
[0.161s] -- Detecting C compile features
[0.162s] -- Detecting C compile features - done
[0.169s] -- Detecting CXX compiler ABI info
[0.239s] -- Detecting CXX compiler ABI info - done
[0.247s] -- Check for working CXX compiler: /usr/bin/c++ - skipped
[0.248s] -- Detecting CXX compile features
[0.248s] -- Detecting CXX compile features - done
[0.249s] -- Found ament_cmake: 2.5.6 (/opt/ros/jazzy/share/ament_cmake/cmake)
[0.347s] -- Found Python3: /usr/bin/python3 (found version "3.12.3") found components: Interpreter 
[0.394s] -- Override CMake install command with custom implementation using symlinks instead of copying resources
[0.461s] -- Configuring done (0.4s)
[0.462s] -- Generating done (0.0s)
[0.465s] -- Build files have been written to: /home/pread/Project/env_robot/build/so101_description
[0.469s] Invoked command in '/home/pread/Project/env_robot/build/so101_description' returned '0': CMAKE_PREFIX_PATH=${CMAKE_PREFIX_PATH}:/opt/ros/jazzy DEBUGINFOD_URLS=https://debuginfod.ubuntu.com /usr/bin/cmake /home/pread/Project/env_robot/src/so101_description -DAMENT_CMAKE_SYMLINK_INSTALL=1 -DCMAKE_INSTALL_PREFIX=/home/pread/Project/env_robot/install/so101_description
[0.469s] Invoking command in '/home/pread/Project/env_robot/build/so101_description': CMAKE_PREFIX_PATH=${CMAKE_PREFIX_PATH}:/opt/ros/jazzy DEBUGINFOD_URLS=https://debuginfod.ubuntu.com /usr/bin/cmake --build /home/pread/Project/env_robot/build/so101_description -- -j20 -l20
[0.496s] Invoked command in '/home/pread/Project/env_robot/build/so101_description' returned '0': CMAKE_PREFIX_PATH=${CMAKE_PREFIX_PATH}:/opt/ros/jazzy DEBUGINFOD_URLS=https://debuginfod.ubuntu.com /usr/bin/cmake --build /home/pread/Project/env_robot/build/so101_description -- -j20 -l20
[0.502s] Invoking command in '/home/pread/Project/env_robot/build/so101_description': CMAKE_PREFIX_PATH=${CMAKE_PREFIX_PATH}:/opt/ros/jazzy DEBUGINFOD_URLS=https://debuginfod.ubuntu.com /usr/bin/cmake --install /home/pread/Project/env_robot/build/so101_description
[0.509s] -- Install configuration: ""
[0.509s] -- Execute custom install script
[0.510s] -- Symlinking: /home/pread/Project/env_robot/install/so101_description/share/so101_description/urdf/so101.urdf
[0.515s] -- Symlinking: /home/pread/Project/env_robot/install/so101_description/share/so101_description/urdf/so101.urdf.xacro
[0.521s] -- Symlinking: /home/pread/Project/env_robot/install/so101_description/share/so101_description/urdf/so101/payloads/Physics/mujoco.usda
[0.528s] -- Symlinking: /home/pread/Project/env_robot/install/so101_description/share/so101_description/urdf/so101/payloads/Physics/physics.usda
[0.532s] -- Symlinking: /home/pread/Project/env_robot/install/so101_description/share/so101_description/urdf/so101/payloads/Physics/physx.usda
[0.540s] -- Symlinking: /home/pread/Project/env_robot/install/so101_description/share/so101_description/urdf/so101/payloads/base.usda
[0.548s] -- Symlinking: /home/pread/Project/env_robot/install/so101_description/share/so101_description/urdf/so101/payloads/geometries.usd
[0.553s] -- Symlinking: /home/pread/Project/env_robot/install/so101_description/share/so101_description/urdf/so101/payloads/instances.usda
[0.560s] -- Symlinking: /home/pread/Project/env_robot/install/so101_description/share/so101_description/urdf/so101/payloads/materials.usda
[0.564s] -- Symlinking: /home/pread/Project/env_robot/install/so101_description/share/so101_description/urdf/so101/payloads/robot.usda
[0.571s] -- Symlinking: /home/pread/Project/env_robot/install/so101_description/share/so101_description/urdf/so101/so101.usda
[0.577s] -- Symlinking: /home/pread/Project/env_robot/install/so101_description/share/so101_description/meshes/Moving_Jaw_SO101_v1.stl
[0.583s] -- Symlinking: /home/pread/Project/env_robot/install/so101_description/share/so101_description/meshes/base_link.stl
[0.590s] -- Symlinking: /home/pread/Project/env_robot/install/so101_description/share/so101_description/meshes/base_link_collision.stl
[0.595s] -- Symlinking: /home/pread/Project/env_robot/install/so101_description/share/so101_description/meshes/link_2.stl
[0.602s] -- Symlinking: /home/pread/Project/env_robot/install/so101_description/share/so101_description/meshes/link_2_collision.stl
[0.606s] -- Symlinking: /home/pread/Project/env_robot/install/so101_description/share/so101_description/meshes/link_3.stl
[0.612s] -- Symlinking: /home/pread/Project/env_robot/install/so101_description/share/so101_description/meshes/link_3_collision.stl
[0.616s] -- Symlinking: /home/pread/Project/env_robot/install/so101_description/share/so101_description/meshes/link_4.stl
[0.624s] -- Symlinking: /home/pread/Project/env_robot/install/so101_description/share/so101_description/meshes/link_4_collision.stl
[0.629s] -- Symlinking: /home/pread/Project/env_robot/install/so101_description/share/so101_description/meshes/link_5.stl
[0.634s] -- Symlinking: /home/pread/Project/env_robot/install/so101_description/share/so101_description/meshes/link_5_collision.stl
[0.641s] -- Symlinking: /home/pread/Project/env_robot/install/so101_description/share/so101_description/meshes/wrist_roll_follower_so101_v1.stl
[0.648s] -- Symlinking: /home/pread/Project/env_robot/install/so101_description/share/so101_description/launch/view_robot.launch.py
[0.653s] -- Symlinking: /home/pread/Project/env_robot/install/so101_description/share/so101_description/rviz/view_robot.rviz
[0.660s] -- Symlinking: /home/pread/Project/env_robot/install/so101_description/share/ament_index/resource_index/package_run_dependencies/so101_description
[0.668s] -- Symlinking: /home/pread/Project/env_robot/install/so101_description/share/ament_index/resource_index/parent_prefix_path/so101_description
[0.673s] -- Symlinking: /home/pread/Project/env_robot/install/so101_description/share/so101_description/environment/ament_prefix_path.sh
[0.677s] -- Symlinking: /home/pread/Project/env_robot/install/so101_description/share/so101_description/environment/ament_prefix_path.dsv
[0.684s] -- Symlinking: /home/pread/Project/env_robot/install/so101_description/share/so101_description/environment/path.sh
[0.690s] -- Symlinking: /home/pread/Project/env_robot/install/so101_description/share/so101_description/environment/path.dsv
[0.695s] -- Symlinking: /home/pread/Project/env_robot/install/so101_description/share/so101_description/local_setup.bash
[0.702s] -- Symlinking: /home/pread/Project/env_robot/install/so101_description/share/so101_description/local_setup.sh
[0.708s] -- Symlinking: /home/pread/Project/env_robot/install/so101_description/share/so101_description/local_setup.zsh
[0.713s] -- Symlinking: /home/pread/Project/env_robot/install/so101_description/share/so101_description/local_setup.dsv
[0.718s] -- Symlinking: /home/pread/Project/env_robot/install/so101_description/share/so101_description/package.dsv
[0.724s] -- Symlinking: /home/pread/Project/env_robot/install/so101_description/share/ament_index/resource_index/packages/so101_description
[0.730s] -- Symlinking: /home/pread/Project/env_robot/install/so101_description/share/so101_description/cmake/so101_descriptionConfig.cmake
[0.735s] -- Symlinking: /home/pread/Project/env_robot/install/so101_description/share/so101_description/cmake/so101_descriptionConfig-version.cmake
[0.740s] -- Symlinking: /home/pread/Project/env_robot/install/so101_description/share/so101_description/package.xml
[0.746s] Invoked command in '/home/pread/Project/env_robot/build/so101_description' returned '0': CMAKE_PREFIX_PATH=${CMAKE_PREFIX_PATH}:/opt/ros/jazzy DEBUGINFOD_URLS=https://debuginfod.ubuntu.com /usr/bin/cmake --install /home/pread/Project/env_robot/build/so101_description
