[0.054s] DEBUG:colcon:Command line arguments: ['/usr/bin/colcon', 'build', '--symlink-install']
[0.054s] DEBUG:colcon:Parsed command line arguments: Namespace(log_base=None, log_level=None, verb_name='build', build_base='build', install_base='install', merge_install=False, symlink_install=True, test_result_base=None, continue_on_error=False, executor='parallel', parallel_workers=20, event_handlers=None, ignore_user_meta=False, metas=['./colcon.meta'], base_paths=['.'], packages_ignore=None, packages_ignore_regex=None, paths=None, packages_up_to=None, packages_up_to_regex=None, packages_above=None, packages_above_and_dependencies=None, packages_above_depth=None, packages_select_by_dep=None, packages_skip_by_dep=None, packages_skip_up_to=None, packages_select_build_failed=False, packages_skip_build_finished=False, packages_select_test_failures=False, packages_skip_test_passed=False, packages_select=None, packages_skip=None, packages_select_regex=None, packages_skip_regex=None, packages_start=None, packages_end=None, allow_overriding=[], cmake_args=None, cmake_target=None, cmake_target_skip_unavailable=False, cmake_clean_cache=False, cmake_clean_first=False, cmake_force_configure=False, ament_cmake_args=None, catkin_cmake_args=None, catkin_skip_building_tests=False, verb_parser=<colcon_defaults.argument_parser.defaults.DefaultArgumentsDecorator object at 0x732ee566d3d0>, verb_extension=<colcon_core.verb.build.BuildVerb object at 0x732ee566d1f0>, main=<bound method BuildVerb.main of <colcon_core.verb.build.BuildVerb object at 0x732ee566d1f0>>)
[0.074s] Level 1:colcon.colcon_core.package_discovery:discover_packages(colcon_meta) check parameters
[0.074s] Level 1:colcon.colcon_core.package_discovery:discover_packages(recursive) check parameters
[0.074s] Level 1:colcon.colcon_core.package_discovery:discover_packages(ignore) check parameters
[0.074s] Level 1:colcon.colcon_core.package_discovery:discover_packages(path) check parameters
[0.074s] Level 1:colcon.colcon_core.package_discovery:discover_packages(colcon_meta) discover
[0.074s] Level 1:colcon.colcon_core.package_discovery:discover_packages(recursive) discover
[0.074s] INFO:colcon.colcon_core.package_discovery:Crawling recursively for packages in '/home/pread/Project/env_robot'
[0.074s] Level 1:colcon.colcon_core.package_identification:_identify(.) by extensions ['ignore', 'ignore_ament_install']
[0.074s] Level 1:colcon.colcon_core.package_identification:_identify(.) by extension 'ignore'
[0.074s] Level 1:colcon.colcon_core.package_identification:_identify(.) by extension 'ignore_ament_install'
[0.074s] Level 1:colcon.colcon_core.package_identification:_identify(.) by extensions ['colcon_pkg']
[0.074s] Level 1:colcon.colcon_core.package_identification:_identify(.) by extension 'colcon_pkg'
[0.074s] Level 1:colcon.colcon_core.package_identification:_identify(.) by extensions ['colcon_meta']
[0.074s] Level 1:colcon.colcon_core.package_identification:_identify(.) by extension 'colcon_meta'
[0.074s] Level 1:colcon.colcon_core.package_identification:_identify(.) by extensions ['ros']
[0.074s] Level 1:colcon.colcon_core.package_identification:_identify(.) by extension 'ros'
[0.088s] Level 1:colcon.colcon_core.package_identification:_identify(.) by extensions ['cmake', 'python']
[0.088s] Level 1:colcon.colcon_core.package_identification:_identify(.) by extension 'cmake'
[0.088s] Level 1:colcon.colcon_core.package_identification:_identify(.) by extension 'python'
[0.088s] Level 1:colcon.colcon_core.package_identification:_identify(.) by extensions ['python_setup_py']
[0.088s] Level 1:colcon.colcon_core.package_identification:_identify(.) by extension 'python_setup_py'
[0.088s] Level 1:colcon.colcon_core.package_identification:_identify(build) by extensions ['ignore', 'ignore_ament_install']
[0.088s] Level 1:colcon.colcon_core.package_identification:_identify(build) by extension 'ignore'
[0.088s] Level 1:colcon.colcon_core.package_identification:_identify(build) ignored
[0.088s] Level 1:colcon.colcon_core.package_identification:_identify(install) by extensions ['ignore', 'ignore_ament_install']
[0.088s] Level 1:colcon.colcon_core.package_identification:_identify(install) by extension 'ignore'
[0.088s] Level 1:colcon.colcon_core.package_identification:_identify(install) ignored
[0.088s] Level 1:colcon.colcon_core.package_identification:_identify(log) by extensions ['ignore', 'ignore_ament_install']
[0.089s] Level 1:colcon.colcon_core.package_identification:_identify(log) by extension 'ignore'
[0.089s] Level 1:colcon.colcon_core.package_identification:_identify(log) ignored
[0.089s] Level 1:colcon.colcon_core.package_identification:_identify(src) by extensions ['ignore', 'ignore_ament_install']
[0.089s] Level 1:colcon.colcon_core.package_identification:_identify(src) by extension 'ignore'
[0.089s] Level 1:colcon.colcon_core.package_identification:_identify(src) by extension 'ignore_ament_install'
[0.089s] Level 1:colcon.colcon_core.package_identification:_identify(src) by extensions ['colcon_pkg']
[0.089s] Level 1:colcon.colcon_core.package_identification:_identify(src) by extension 'colcon_pkg'
[0.089s] Level 1:colcon.colcon_core.package_identification:_identify(src) by extensions ['colcon_meta']
[0.089s] Level 1:colcon.colcon_core.package_identification:_identify(src) by extension 'colcon_meta'
[0.089s] Level 1:colcon.colcon_core.package_identification:_identify(src) by extensions ['ros']
[0.089s] Level 1:colcon.colcon_core.package_identification:_identify(src) by extension 'ros'
[0.089s] Level 1:colcon.colcon_core.package_identification:_identify(src) by extensions ['cmake', 'python']
[0.089s] Level 1:colcon.colcon_core.package_identification:_identify(src) by extension 'cmake'
[0.089s] Level 1:colcon.colcon_core.package_identification:_identify(src) by extension 'python'
[0.089s] Level 1:colcon.colcon_core.package_identification:_identify(src) by extensions ['python_setup_py']
[0.089s] Level 1:colcon.colcon_core.package_identification:_identify(src) by extension 'python_setup_py'
[0.089s] Level 1:colcon.colcon_core.package_identification:_identify(src/so101_description) by extensions ['ignore', 'ignore_ament_install']
[0.089s] Level 1:colcon.colcon_core.package_identification:_identify(src/so101_description) by extension 'ignore'
[0.089s] Level 1:colcon.colcon_core.package_identification:_identify(src/so101_description) by extension 'ignore_ament_install'
[0.089s] Level 1:colcon.colcon_core.package_identification:_identify(src/so101_description) by extensions ['colcon_pkg']
[0.089s] Level 1:colcon.colcon_core.package_identification:_identify(src/so101_description) by extension 'colcon_pkg'
[0.089s] Level 1:colcon.colcon_core.package_identification:_identify(src/so101_description) by extensions ['colcon_meta']
[0.089s] Level 1:colcon.colcon_core.package_identification:_identify(src/so101_description) by extension 'colcon_meta'
[0.089s] Level 1:colcon.colcon_core.package_identification:_identify(src/so101_description) by extensions ['ros']
[0.089s] Level 1:colcon.colcon_core.package_identification:_identify(src/so101_description) by extension 'ros'
[0.091s] DEBUG:colcon.colcon_core.package_identification:Package 'src/so101_description' with type 'ros.ament_cmake' and name 'so101_description'
[0.091s] Level 1:colcon.colcon_core.package_identification:_identify(src/so101_isaac) by extensions ['ignore', 'ignore_ament_install']
[0.091s] Level 1:colcon.colcon_core.package_identification:_identify(src/so101_isaac) by extension 'ignore'
[0.091s] Level 1:colcon.colcon_core.package_identification:_identify(src/so101_isaac) by extension 'ignore_ament_install'
[0.091s] Level 1:colcon.colcon_core.package_identification:_identify(src/so101_isaac) by extensions ['colcon_pkg']
[0.091s] Level 1:colcon.colcon_core.package_identification:_identify(src/so101_isaac) by extension 'colcon_pkg'
[0.091s] Level 1:colcon.colcon_core.package_identification:_identify(src/so101_isaac) by extensions ['colcon_meta']
[0.091s] Level 1:colcon.colcon_core.package_identification:_identify(src/so101_isaac) by extension 'colcon_meta'
[0.091s] Level 1:colcon.colcon_core.package_identification:_identify(src/so101_isaac) by extensions ['ros']
[0.091s] Level 1:colcon.colcon_core.package_identification:_identify(src/so101_isaac) by extension 'ros'
[0.091s] DEBUG:colcon.colcon_core.package_identification:Package 'src/so101_isaac' with type 'ros.ament_python' and name 'so101_isaac'
[0.091s] Level 1:colcon.colcon_core.package_discovery:discover_packages(recursive) using defaults
[0.091s] Level 1:colcon.colcon_core.package_discovery:discover_packages(ignore) discover
[0.091s] Level 1:colcon.colcon_core.package_discovery:discover_packages(ignore) using defaults
[0.091s] Level 1:colcon.colcon_core.package_discovery:discover_packages(path) discover
[0.091s] Level 1:colcon.colcon_core.package_discovery:discover_packages(path) using defaults
[0.101s] Level 1:colcon.colcon_core.package_discovery:discover_packages(prefix_path) check parameters
[0.101s] Level 1:colcon.colcon_core.package_discovery:discover_packages(prefix_path) discover
[0.102s] DEBUG:colcon.colcon_installed_package_information.package_discovery:Found 2 installed packages in /home/pread/Project/env_robot/install
[0.103s] DEBUG:colcon.colcon_installed_package_information.package_discovery:Found 287 installed packages in /opt/ros/jazzy
[0.103s] Level 1:colcon.colcon_core.package_discovery:discover_packages(prefix_path) using defaults
[0.122s] Level 5:colcon.colcon_core.verb:set package 'so101_description' build argument 'cmake_args' from command line to 'None'
[0.122s] Level 5:colcon.colcon_core.verb:set package 'so101_description' build argument 'cmake_target' from command line to 'None'
[0.122s] Level 5:colcon.colcon_core.verb:set package 'so101_description' build argument 'cmake_target_skip_unavailable' from command line to 'False'
[0.122s] Level 5:colcon.colcon_core.verb:set package 'so101_description' build argument 'cmake_clean_cache' from command line to 'False'
[0.122s] Level 5:colcon.colcon_core.verb:set package 'so101_description' build argument 'cmake_clean_first' from command line to 'False'
[0.122s] Level 5:colcon.colcon_core.verb:set package 'so101_description' build argument 'cmake_force_configure' from command line to 'False'
[0.122s] Level 5:colcon.colcon_core.verb:set package 'so101_description' build argument 'ament_cmake_args' from command line to 'None'
[0.122s] Level 5:colcon.colcon_core.verb:set package 'so101_description' build argument 'catkin_cmake_args' from command line to 'None'
[0.122s] Level 5:colcon.colcon_core.verb:set package 'so101_description' build argument 'catkin_skip_building_tests' from command line to 'False'
[0.122s] DEBUG:colcon.colcon_core.verb:Building package 'so101_description' with the following arguments: {'ament_cmake_args': None, 'build_base': '/home/pread/Project/env_robot/build/so101_description', 'catkin_cmake_args': None, 'catkin_skip_building_tests': False, 'cmake_args': None, 'cmake_clean_cache': False, 'cmake_clean_first': False, 'cmake_force_configure': False, 'cmake_target': None, 'cmake_target_skip_unavailable': False, 'install_base': '/home/pread/Project/env_robot/install/so101_description', 'merge_install': False, 'path': '/home/pread/Project/env_robot/src/so101_description', 'symlink_install': True, 'test_result_base': None}
[0.122s] Level 5:colcon.colcon_core.verb:set package 'so101_isaac' build argument 'cmake_args' from command line to 'None'
[0.122s] Level 5:colcon.colcon_core.verb:set package 'so101_isaac' build argument 'cmake_target' from command line to 'None'
[0.122s] Level 5:colcon.colcon_core.verb:set package 'so101_isaac' build argument 'cmake_target_skip_unavailable' from command line to 'False'
[0.122s] Level 5:colcon.colcon_core.verb:set package 'so101_isaac' build argument 'cmake_clean_cache' from command line to 'False'
[0.122s] Level 5:colcon.colcon_core.verb:set package 'so101_isaac' build argument 'cmake_clean_first' from command line to 'False'
[0.122s] Level 5:colcon.colcon_core.verb:set package 'so101_isaac' build argument 'cmake_force_configure' from command line to 'False'
[0.122s] Level 5:colcon.colcon_core.verb:set package 'so101_isaac' build argument 'ament_cmake_args' from command line to 'None'
[0.122s] Level 5:colcon.colcon_core.verb:set package 'so101_isaac' build argument 'catkin_cmake_args' from command line to 'None'
[0.122s] Level 5:colcon.colcon_core.verb:set package 'so101_isaac' build argument 'catkin_skip_building_tests' from command line to 'False'
[0.122s] DEBUG:colcon.colcon_core.verb:Building package 'so101_isaac' with the following arguments: {'ament_cmake_args': None, 'build_base': '/home/pread/Project/env_robot/build/so101_isaac', 'catkin_cmake_args': None, 'catkin_skip_building_tests': False, 'cmake_args': None, 'cmake_clean_cache': False, 'cmake_clean_first': False, 'cmake_force_configure': False, 'cmake_target': None, 'cmake_target_skip_unavailable': False, 'install_base': '/home/pread/Project/env_robot/install/so101_isaac', 'merge_install': False, 'path': '/home/pread/Project/env_robot/src/so101_isaac', 'symlink_install': True, 'test_result_base': None}
[0.122s] INFO:colcon.colcon_core.executor:Executing jobs using 'parallel' executor
[0.123s] DEBUG:colcon.colcon_parallel_executor.executor.parallel:run_until_complete
[0.123s] INFO:colcon.colcon_ros.task.ament_cmake.build:Building ROS package in '/home/pread/Project/env_robot/src/so101_description' with build type 'ament_cmake'
[0.123s] INFO:colcon.colcon_cmake.task.cmake.build:Building CMake package in '/home/pread/Project/env_robot/src/so101_description'
[0.124s] INFO:colcon.colcon_core.plugin_system:Skipping extension 'colcon_core.shell.bat': Not used on non-Windows systems
[0.124s] INFO:colcon.colcon_core.shell:Skip shell extension 'powershell' for command environment: Not usable outside of PowerShell
[0.124s] DEBUG:colcon.colcon_core.shell:Skip shell extension 'dsv' for command environment
[0.130s] DEBUG:colcon.colcon_core.event_handler.log_command:Invoking command in '/home/pread/Project/env_robot/build/so101_description': CMAKE_PREFIX_PATH=${CMAKE_PREFIX_PATH}:/home/pread/Project/env_robot/install/so101_isaac:/opt/ros/jazzy DEBUGINFOD_URLS=https://debuginfod.ubuntu.com VIRTUAL_ENV_PROMPT=(env_isaac) /usr/bin/cmake --build /home/pread/Project/env_robot/build/so101_description -- -j20 -l20
[0.164s] DEBUG:colcon.colcon_core.event_handler.log_command:Invoked command in '/home/pread/Project/env_robot/build/so101_description' returned '0': CMAKE_PREFIX_PATH=${CMAKE_PREFIX_PATH}:/home/pread/Project/env_robot/install/so101_isaac:/opt/ros/jazzy DEBUGINFOD_URLS=https://debuginfod.ubuntu.com VIRTUAL_ENV_PROMPT=(env_isaac) /usr/bin/cmake --build /home/pread/Project/env_robot/build/so101_description -- -j20 -l20
[0.170s] DEBUG:colcon.colcon_core.event_handler.log_command:Invoking command in '/home/pread/Project/env_robot/build/so101_description': CMAKE_PREFIX_PATH=${CMAKE_PREFIX_PATH}:/home/pread/Project/env_robot/install/so101_isaac:/opt/ros/jazzy DEBUGINFOD_URLS=https://debuginfod.ubuntu.com VIRTUAL_ENV_PROMPT=(env_isaac) /usr/bin/cmake --install /home/pread/Project/env_robot/build/so101_description
[0.187s] Level 1:colcon.colcon_core.environment:create_environment_scripts_only(so101_description)
[0.188s] DEBUG:colcon.colcon_core.event_handler.log_command:Invoked command in '/home/pread/Project/env_robot/build/so101_description' returned '0': CMAKE_PREFIX_PATH=${CMAKE_PREFIX_PATH}:/home/pread/Project/env_robot/install/so101_isaac:/opt/ros/jazzy DEBUGINFOD_URLS=https://debuginfod.ubuntu.com VIRTUAL_ENV_PROMPT=(env_isaac) /usr/bin/cmake --install /home/pread/Project/env_robot/build/so101_description
[0.189s] Level 1:colcon.colcon_core.environment:checking '/home/pread/Project/env_robot/install/so101_description' for CMake module files
[0.190s] Level 1:colcon.colcon_core.environment:checking '/home/pread/Project/env_robot/install/so101_description' for CMake config files
[0.190s] Level 1:colcon.colcon_core.shell:create_environment_hook('so101_description', 'cmake_prefix_path')
[0.190s] INFO:colcon.colcon_core.shell:Creating environment hook '/home/pread/Project/env_robot/install/so101_description/share/so101_description/hook/cmake_prefix_path.ps1'
[0.191s] INFO:colcon.colcon_core.shell:Creating environment descriptor '/home/pread/Project/env_robot/install/so101_description/share/so101_description/hook/cmake_prefix_path.dsv'
[0.191s] INFO:colcon.colcon_core.shell:Creating environment hook '/home/pread/Project/env_robot/install/so101_description/share/so101_description/hook/cmake_prefix_path.sh'
[0.192s] Level 1:colcon.colcon_core.environment:checking '/home/pread/Project/env_robot/install/so101_description/bin'
[0.192s] Level 1:colcon.colcon_core.environment:checking '/home/pread/Project/env_robot/install/so101_description/lib/pkgconfig/so101_description.pc'
[0.192s] Level 1:colcon.colcon_core.environment:checking '/home/pread/Project/env_robot/install/so101_description/lib/python3.12/site-packages'
[0.193s] Level 1:colcon.colcon_core.environment:checking '/home/pread/Project/env_robot/install/so101_description/bin'
[0.193s] INFO:colcon.colcon_core.shell:Creating package script '/home/pread/Project/env_robot/install/so101_description/share/so101_description/package.ps1'
[0.194s] INFO:colcon.colcon_core.shell:Creating package descriptor '/home/pread/Project/env_robot/install/so101_description/share/so101_description/package.dsv'
[0.194s] INFO:colcon.colcon_core.shell:Creating package script '/home/pread/Project/env_robot/install/so101_description/share/so101_description/package.sh'
[0.195s] INFO:colcon.colcon_core.shell:Creating package script '/home/pread/Project/env_robot/install/so101_description/share/so101_description/package.bash'
[0.195s] INFO:colcon.colcon_core.shell:Creating package script '/home/pread/Project/env_robot/install/so101_description/share/so101_description/package.zsh'
[0.196s] Level 1:colcon.colcon_core.environment:create_file_with_runtime_dependencies(/home/pread/Project/env_robot/install/so101_description/share/colcon-core/packages/so101_description)
[0.196s] Level 1:colcon.colcon_core.environment:create_environment_scripts_only(so101_description)
[0.196s] Level 1:colcon.colcon_core.environment:checking '/home/pread/Project/env_robot/install/so101_description' for CMake module files
[0.197s] Level 1:colcon.colcon_core.environment:checking '/home/pread/Project/env_robot/install/so101_description' for CMake config files
[0.197s] Level 1:colcon.colcon_core.shell:create_environment_hook('so101_description', 'cmake_prefix_path')
[0.197s] INFO:colcon.colcon_core.shell:Creating environment hook '/home/pread/Project/env_robot/install/so101_description/share/so101_description/hook/cmake_prefix_path.ps1'
[0.197s] INFO:colcon.colcon_core.shell:Creating environment descriptor '/home/pread/Project/env_robot/install/so101_description/share/so101_description/hook/cmake_prefix_path.dsv'
[0.198s] INFO:colcon.colcon_core.shell:Creating environment hook '/home/pread/Project/env_robot/install/so101_description/share/so101_description/hook/cmake_prefix_path.sh'
[0.198s] Level 1:colcon.colcon_core.environment:checking '/home/pread/Project/env_robot/install/so101_description/bin'
[0.198s] Level 1:colcon.colcon_core.environment:checking '/home/pread/Project/env_robot/install/so101_description/lib/pkgconfig/so101_description.pc'
[0.198s] Level 1:colcon.colcon_core.environment:checking '/home/pread/Project/env_robot/install/so101_description/lib/python3.12/site-packages'
[0.199s] Level 1:colcon.colcon_core.environment:checking '/home/pread/Project/env_robot/install/so101_description/bin'
[0.199s] INFO:colcon.colcon_core.shell:Creating package script '/home/pread/Project/env_robot/install/so101_description/share/so101_description/package.ps1'
[0.199s] INFO:colcon.colcon_core.shell:Creating package descriptor '/home/pread/Project/env_robot/install/so101_description/share/so101_description/package.dsv'
[0.200s] INFO:colcon.colcon_core.shell:Creating package script '/home/pread/Project/env_robot/install/so101_description/share/so101_description/package.sh'
[0.200s] INFO:colcon.colcon_core.shell:Creating package script '/home/pread/Project/env_robot/install/so101_description/share/so101_description/package.bash'
[0.200s] INFO:colcon.colcon_core.shell:Creating package script '/home/pread/Project/env_robot/install/so101_description/share/so101_description/package.zsh'
[0.201s] Level 1:colcon.colcon_core.environment:create_file_with_runtime_dependencies(/home/pread/Project/env_robot/install/so101_description/share/colcon-core/packages/so101_description)
[0.201s] INFO:colcon.colcon_ros.task.ament_python.build:Building ROS package in '/home/pread/Project/env_robot/src/so101_isaac' with build type 'ament_python'
[0.201s] Level 1:colcon.colcon_core.shell:create_environment_hook('so101_isaac', 'ament_prefix_path')
[0.201s] INFO:colcon.colcon_core.shell:Creating environment hook '/home/pread/Project/env_robot/install/so101_isaac/share/so101_isaac/hook/ament_prefix_path.ps1'
[0.202s] INFO:colcon.colcon_core.shell:Creating environment descriptor '/home/pread/Project/env_robot/install/so101_isaac/share/so101_isaac/hook/ament_prefix_path.dsv'
[0.202s] INFO:colcon.colcon_core.shell:Creating environment hook '/home/pread/Project/env_robot/install/so101_isaac/share/so101_isaac/hook/ament_prefix_path.sh'
[0.202s] INFO:colcon.colcon_core.shell:Skip shell extension 'powershell' for command environment: Not usable outside of PowerShell
[0.202s] DEBUG:colcon.colcon_core.shell:Skip shell extension 'dsv' for command environment
[0.321s] INFO:colcon.colcon_core.task.python.build:Building Python package in '/home/pread/Project/env_robot/src/so101_isaac'
[0.321s] INFO:colcon.colcon_core.shell:Skip shell extension 'powershell' for command environment: Not usable outside of PowerShell
[0.321s] DEBUG:colcon.colcon_core.shell:Skip shell extension 'dsv' for command environment
[0.588s] DEBUG:colcon.colcon_core.task.python.build:Available setuptools commands: editable_wheel, install, upload, test, build_py, install_headers, easy_install, alias, install_data, build, update_catalog, dist_info, egg_info, build_clib, sdist, bdist_egg, build_scripts, init_catalog, install_lib, install_scripts, clean, compile_catalog, build_ext, rotate, bdist_dumb, install_egg_info, saveopts, check, symlink_data, register, upload_docs, extract_messages, develop, bdist_rpm, bdist, setopt
[0.746s] DEBUG:colcon.colcon_core.task.python.build:Available setuptools 'develop' options: --build-directory, --help, --allow-hosts, --zip-ok, --site-dirs, --prefix, --multi-version, --install-dir, --version, --dry-run, --no-deps, --egg-path, --uninstall, --exclude-scripts, --force-installation-into-system-dir, --user, --record, --optimize, --always-copy, --index-url, --upgrade, --install-layout, --editable, --local-snapshots-ok, --quiet, --find-links, --script-dir, --no-find-links, --no-user-cfg, --always-unzip, --verbose
[0.746s] DEBUG:colcon.colcon_core.event_handler.log_command:Invoking command in '/home/pread/Project/env_robot/build/so101_isaac': DEBUGINFOD_URLS=https://debuginfod.ubuntu.com PYTHONPATH=/home/pread/Project/env_robot/build/so101_isaac/prefix_override:/usr/lib/python3/dist-packages/colcon_core/task/python/colcon_distutils_commands:/home/pread/Project/env_robot/install/so101_isaac/lib/python3.12/site-packages:${PYTHONPATH} VIRTUAL_ENV_PROMPT=(env_isaac) /usr/bin/python3 -W ignore:setup.py install is deprecated -W ignore:easy_install command is deprecated setup.py develop --editable --build-directory /home/pread/Project/env_robot/build/so101_isaac/build --no-deps symlink_data
[1.031s] Level 1:colcon.colcon_core.shell:create_environment_hook('so101_isaac', 'pythonpath_develop')
[1.031s] INFO:colcon.colcon_core.shell:Creating environment hook '/home/pread/Project/env_robot/build/so101_isaac/share/so101_isaac/hook/pythonpath_develop.ps1'
[1.031s] DEBUG:colcon.colcon_core.event_handler.log_command:Invoked command in '/home/pread/Project/env_robot/build/so101_isaac' returned '0': DEBUGINFOD_URLS=https://debuginfod.ubuntu.com PYTHONPATH=/home/pread/Project/env_robot/build/so101_isaac/prefix_override:/usr/lib/python3/dist-packages/colcon_core/task/python/colcon_distutils_commands:/home/pread/Project/env_robot/install/so101_isaac/lib/python3.12/site-packages:${PYTHONPATH} VIRTUAL_ENV_PROMPT=(env_isaac) /usr/bin/python3 -W ignore:setup.py install is deprecated -W ignore:easy_install command is deprecated setup.py develop --editable --build-directory /home/pread/Project/env_robot/build/so101_isaac/build --no-deps symlink_data
[1.032s] INFO:colcon.colcon_core.shell:Creating environment descriptor '/home/pread/Project/env_robot/build/so101_isaac/share/so101_isaac/hook/pythonpath_develop.dsv'
[1.032s] INFO:colcon.colcon_core.shell:Creating environment hook '/home/pread/Project/env_robot/build/so101_isaac/share/so101_isaac/hook/pythonpath_develop.sh'
[1.032s] Level 1:colcon.colcon_core.environment:checking '/home/pread/Project/env_robot/install/so101_isaac' for CMake module files
[1.032s] Level 1:colcon.colcon_core.environment:checking '/home/pread/Project/env_robot/install/so101_isaac' for CMake config files
[1.033s] Level 1:colcon.colcon_core.environment:checking '/home/pread/Project/env_robot/install/so101_isaac/lib'
[1.033s] Level 1:colcon.colcon_core.environment:checking '/home/pread/Project/env_robot/install/so101_isaac/bin'
[1.033s] Level 1:colcon.colcon_core.environment:checking '/home/pread/Project/env_robot/install/so101_isaac/lib/pkgconfig/so101_isaac.pc'
[1.033s] Level 1:colcon.colcon_core.environment:checking '/home/pread/Project/env_robot/install/so101_isaac/lib/python3.12/site-packages'
[1.033s] Level 1:colcon.colcon_core.shell:create_environment_hook('so101_isaac', 'pythonpath')
[1.033s] INFO:colcon.colcon_core.shell:Creating environment hook '/home/pread/Project/env_robot/install/so101_isaac/share/so101_isaac/hook/pythonpath.ps1'
[1.033s] INFO:colcon.colcon_core.shell:Creating environment descriptor '/home/pread/Project/env_robot/install/so101_isaac/share/so101_isaac/hook/pythonpath.dsv'
[1.033s] INFO:colcon.colcon_core.shell:Creating environment hook '/home/pread/Project/env_robot/install/so101_isaac/share/so101_isaac/hook/pythonpath.sh'
[1.034s] Level 1:colcon.colcon_core.environment:checking '/home/pread/Project/env_robot/install/so101_isaac/bin'
[1.034s] Level 1:colcon.colcon_core.environment:create_environment_scripts_only(so101_isaac)
[1.034s] INFO:colcon.colcon_core.shell:Creating package script '/home/pread/Project/env_robot/install/so101_isaac/share/so101_isaac/package.ps1'
[1.034s] INFO:colcon.colcon_core.shell:Creating package descriptor '/home/pread/Project/env_robot/install/so101_isaac/share/so101_isaac/package.dsv'
[1.035s] INFO:colcon.colcon_core.shell:Creating package script '/home/pread/Project/env_robot/install/so101_isaac/share/so101_isaac/package.sh'
[1.035s] INFO:colcon.colcon_core.shell:Creating package script '/home/pread/Project/env_robot/install/so101_isaac/share/so101_isaac/package.bash'
[1.035s] INFO:colcon.colcon_core.shell:Creating package script '/home/pread/Project/env_robot/install/so101_isaac/share/so101_isaac/package.zsh'
[1.035s] Level 1:colcon.colcon_core.environment:create_file_with_runtime_dependencies(/home/pread/Project/env_robot/install/so101_isaac/share/colcon-core/packages/so101_isaac)
[1.035s] DEBUG:colcon.colcon_parallel_executor.executor.parallel:closing loop
[1.036s] DEBUG:colcon.colcon_parallel_executor.executor.parallel:loop closed
[1.036s] DEBUG:colcon.colcon_parallel_executor.executor.parallel:run_until_complete finished with '0'
[1.036s] DEBUG:colcon.colcon_core.event_reactor:joining thread
[1.039s] INFO:colcon.colcon_core.plugin_system:Skipping extension 'colcon_notification.desktop_notification.terminal_notifier': Not used on non-Darwin systems
[1.039s] INFO:colcon.colcon_core.plugin_system:Skipping extension 'colcon_notification.desktop_notification.win32': Not used on non-Windows systems
[1.039s] INFO:colcon.colcon_notification.desktop_notification:Sending desktop notification using 'notify2'
[1.052s] DEBUG:colcon.colcon_core.event_reactor:joined thread
[1.053s] INFO:colcon.colcon_core.shell:Creating prefix script '/home/pread/Project/env_robot/install/local_setup.ps1'
[1.053s] INFO:colcon.colcon_core.shell:Creating prefix util module '/home/pread/Project/env_robot/install/_local_setup_util_ps1.py'
[1.054s] INFO:colcon.colcon_core.shell:Creating prefix chain script '/home/pread/Project/env_robot/install/setup.ps1'
[1.054s] INFO:colcon.colcon_core.shell:Creating prefix script '/home/pread/Project/env_robot/install/local_setup.sh'
[1.054s] INFO:colcon.colcon_core.shell:Creating prefix util module '/home/pread/Project/env_robot/install/_local_setup_util_sh.py'
[1.055s] INFO:colcon.colcon_core.shell:Creating prefix chain script '/home/pread/Project/env_robot/install/setup.sh'
[1.056s] INFO:colcon.colcon_core.shell:Creating prefix script '/home/pread/Project/env_robot/install/local_setup.bash'
[1.056s] INFO:colcon.colcon_core.shell:Creating prefix chain script '/home/pread/Project/env_robot/install/setup.bash'
[1.056s] INFO:colcon.colcon_core.shell:Creating prefix script '/home/pread/Project/env_robot/install/local_setup.zsh'
[1.056s] INFO:colcon.colcon_core.shell:Creating prefix chain script '/home/pread/Project/env_robot/install/setup.zsh'
